// Jest Snapshot v1, https://goo.gl/fbAQLP

exports[`renders homepage unchanged 1`] = `
<div>
  <div>
    <main
      class="flex min-h-screen flex-col items-center justify-between p-24 bg-white dark:bg-dark"
    >
      <h1
        class="text-black dark:text-white"
      >
        Welcome to 
        <a
          href="https://nextjs.org"
        >
          Next.js!
        </a>
      </h1>
      <div
        class="sx-header-themeToggle ms-1 header-item d-none d-sm-flex"
      >
        <button
          class="btn btn-secondary btn-icon btn-topbar rounded-circle light-dark-mode"
          type="button"
        >
          ðŸŒ™
        </button>
      </div>
      <p
        class="text-black dark:text-white"
      >
        Apenas um teste
      </p>
    </main>
  </div>
</div>
`;
